<?xml version="1.0" encoding="UTF-8"?>
<testsuites name="jest tests" tests="6" failures="0" time="17.47">
  <testsuite name="Button" errors="0" failures="0" skipped="0" timestamp="2020-09-10T15:37:25" time="16.055" tests="3">
    <testcase classname="Button should render" name="Button should render" time="0.585">
    </testcase>
    <testcase classname="Button should render" name="Button should render" time="0.052">
    </testcase>
    <testcase classname="Button should render" name="Button should render" time="0.019">
    </testcase>
  </testsuite>
  <testsuite name="Button" errors="0" failures="0" skipped="0" timestamp="2020-09-10T15:37:25" time="16.058" tests="3">
    <testcase classname="Button should render" name="Button should render" time="0.548">
    </testcase>
    <testcase classname="Button should render" name="Button should render" time="0.062">
    </testcase>
    <testcase classname="Button should render" name="Button should render" time="0.011">
    </testcase>
  </testsuite>
</testsuites>